1778109998.915496 client started (61440): version 3.6a, socket /private/tmp/tmux-501/default, protocol 8
1778109998.915558 on Darwin 21.6.0 Darwin Kernel Version 21.6.0: Mon Jun 24 00:56:10 PDT 2024; root:xnu-8020.240.18.709.2~1/RELEASE_X86_64
1778109998.915579 using libevent 2.1.12-stable select
1778109998.915913 using utf8proc 2.11.3
1778109998.915940 using ncurses 6.6 20251230
1778109998.915987 flags are 0x18010000
1778109998.916003 socket is /private/tmp/tmux-501/default
1778109998.916026 trying connect
1778109998.916058 connect failed: Connection refused
1778109998.916106 lock file is /private/tmp/tmux-501/default.lock
1778109998.916283 flock succeeded
1778109998.916300 got lock (6)
1778109998.916315 trying connect
1778109998.916336 connect failed: Connection refused
1778109998.916752 add peer 0x600001138000: 7 (0x0)
1778109998.917134 sending message 111 to peer 0x600001138000 (8 bytes)
1778109998.917159 sending message 111 to peer 0x600001138000 (8 bytes)
1778109998.917172 sending message 101 to peer 0x600001138000 (15 bytes)
1778109998.917183 sending message 109 to peer 0x600001138000 (4 bytes)
1778109998.917193 sending message 102 to peer 0x600001138000 (1 bytes)
1778109998.917203 sending message 108 to peer 0x600001138000 (38 bytes)
1778109998.917214 sending message 104 to peer 0x600001138000 (0 bytes)
1778109998.917225 sending message 110 to peer 0x600001138000 (0 bytes)
1778109998.917235 sending message 107 to peer 0x600001138000 (4 bytes)
1778109998.917245 sending message 105 to peer 0x600001138000 (40 bytes)
1778109998.917255 sending message 105 to peer 0x600001138000 (14 bytes)
1778109998.917265 sending message 105 to peer 0x600001138000 (54 bytes)
1778109998.917278 sending message 105 to peer 0x600001138000 (20 bytes)
1778109998.917289 sending message 105 to peer 0x600001138000 (75 bytes)
1778109998.917300 sending message 105 to peer 0x600001138000 (24 bytes)
1778109998.917310 sending message 105 to peer 0x600001138000 (66 bytes)
1778109998.917319 sending message 105 to peer 0x600001138000 (19 bytes)
1778109998.917329 sending message 105 to peer 0x600001138000 (28 bytes)
1778109998.917339 sending message 105 to peer 0x600001138000 (27 bytes)
1778109998.917348 sending message 105 to peer 0x600001138000 (53 bytes)
1778109998.917358 sending message 105 to peer 0x600001138000 (15 bytes)
1778109998.917368 sending message 105 to peer 0x600001138000 (20 bytes)
1778109998.917378 sending message 105 to peer 0x600001138000 (16 bytes)
1778109998.917388 sending message 105 to peer 0x600001138000 (13 bytes)
1778109998.917401 sending message 105 to peer 0x600001138000 (272 bytes)
1778109998.917414 sending message 105 to peer 0x600001138000 (8 bytes)
1778109998.917426 sending message 105 to peer 0x600001138000 (42 bytes)
1778109998.917438 sending message 105 to peer 0x600001138000 (45 bytes)
1778109998.917450 sending message 105 to peer 0x600001138000 (28 bytes)
1778109998.917461 sending message 105 to peer 0x600001138000 (16 bytes)
1778109998.917473 sending message 105 to peer 0x600001138000 (55 bytes)
1778109998.917484 sending message 105 to peer 0x600001138000 (64 bytes)
1778109998.917496 sending message 105 to peer 0x600001138000 (57 bytes)
1778109998.917507 sending message 105 to peer 0x600001138000 (17 bytes)
1778109998.917519 sending message 105 to peer 0x600001138000 (37 bytes)
1778109998.917530 sending message 105 to peer 0x600001138000 (27 bytes)
1778109998.917542 sending message 105 to peer 0x600001138000 (35 bytes)
1778109998.917553 sending message 105 to peer 0x600001138000 (27 bytes)
1778109998.917565 sending message 105 to peer 0x600001138000 (16 bytes)
1778109998.917576 sending message 105 to peer 0x600001138000 (13 bytes)
1778109998.917588 sending message 105 to peer 0x600001138000 (60 bytes)
1778109998.917599 sending message 105 to peer 0x600001138000 (73 bytes)
1778109998.917611 sending message 105 to peer 0x600001138000 (22 bytes)
1778109998.917622 sending message 106 to peer 0x600001138000 (0 bytes)
1778109998.917679 sending message 200 to peer 0x600001138000 (4 bytes)
1778109998.917695 client loop enter
1778109998.920470 client_signal: Child exited: 20
1778109999.060138 peer 0x600001138000 message 303
1778109999.060163 open write file 2 -
1778109999.060193 sending message 305 to peer 0x600001138000 (8 bytes)
1778109999.060216 write check file 2
1778109999.060367 peer 0x600001138000 message 304
1778109999.060385 write 37 to file 2
1778109999.060402 peer 0x600001138000 message 203
1778109999.060409 file 2 37 bytes left
1778109999.060480 write check file 2
1778109999.060489 client loop exit
